[0;32mI (13) boot: ESP-IDF v5.3-dirty 2nd stage bootloader[0m
[0;32mI (13) boot: compile time Aug 23 2024 18:38:17[0m
[0;32mI (13) boot: Multicore bootloader[0m
[0;32mI (17) boot: chip revision: v3.0[0m
[0;32mI (21) boot.esp32: SPI Speed      : 40MHz[0m
[0;32mI (25) boot.esp32: SPI Mode       : DIO[0m
[0;32mI (30) boot.esp32: SPI Flash Size : 2MB[0m
[0;32mI (34) boot: Enabling RNG early entropy source...[0m
[0;32mI (40) boot: Partition Table:[0m
[0;32mI (43) boot: ## Label            Usage          Type ST Offset   Length[0m
[0;32mI (51) boot:  0 nvs              WiFi data        01 02 00009000 00006000[0m
[0;32mI (58) boot:  1 phy_init         RF data          01 01 0000f000 00001000[0m
[0;32mI (66) boot:  2 factory          factory app      00 00 00010000 00100000[0m
[0;32mI (73) boot: End of partition table[0m
[0;32mI (77) esp_image: segment 0: paddr=00010020 vaddr=3f400020 size=1f2d4h (127700) map[0m
[0;32mI (130) esp_image: segment 1: paddr=0002f2fc vaddr=3ffb0000 size=00d1ch (  3356) load[0m
[0;32mI (131) esp_image: segment 2: paddr=00030020 vaddr=400d0020 size=83430h (537648) map[0m
[0;32mI (320) esp_image: segment 3: paddr=000b3458 vaddr=3ffb0d1c size=030fch ( 12540) load[0m
[0;32mI (325) esp_image: segment 4: paddr=000b655c vaddr=40080000 size=171f0h ( 94704) load[0m
[0;32mI (374) boot: Loaded app from partition at offset 0x10000[0m
[0;32mI (374) boot: Disabling RNG early entropy source...[0m
[0;32mI (386) cpu_start: Multicore app[0m
[0;32mI (394) cpu_start: Pro cpu start user code[0m
[0;32mI (395) cpu_start: cpu freq: 160000000 Hz[0m
[0;32mI (395) app_init: Application information:[0m
[0;32mI (397) app_init: Project name:     app-template[0m
[0;32mI (403) app_init: App version:      418fb4d[0m
[0;32mI (408) app_init: Compile time:     Aug 23 2024 18:38:13[0m
[0;32mI (414) app_init: ELF file SHA256:  861fd0b58...[0m
[0;32mI (419) app_init: ESP-IDF:          v5.3-dirty[0m
[0;32mI (424) efuse_init: Min chip rev:     v0.0[0m
[0;32mI (429) efuse_init: Max chip rev:     v3.99 [0m
[0;32mI (434) efuse_init: Chip rev:         v3.0[0m
[0;32mI (439) heap_init: Initializing. RAM available for dynamic allocation:[0m
[0;32mI (446) heap_init: At 3FFAE6E0 len 00001920 (6 KiB): DRAM[0m
[0;32mI (452) heap_init: At 3FFB8040 len 00027FC0 (159 KiB): DRAM[0m
[0;32mI (458) heap_init: At 3FFE0440 len 00003AE0 (14 KiB): D/IRAM[0m
[0;32mI (464) heap_init: At 3FFE4350 len 0001BCB0 (111 KiB): D/IRAM[0m
[0;32mI (471) heap_init: At 400971F0 len 00008E10 (35 KiB): IRAM[0m
[0;32mI (479) spi_flash: detected chip: generic[0m
[0;32mI (482) spi_flash: flash io: dio[0m
[0;33mW (486) spi_flash: Detected size(4096k) larger than the size in the binary image header(2048k). Using the size in the binary image header.[0m
[0;32mI (500) main_task: Started on CPU0[0m
[0;32mI (510) main_task: Calling app_main()[0m
I (550) wifi:wifi driver task: 3ffc0090, prio:23, stack:6656, core=0
I (560) wifi:wifi firmware version: 0caa81945
I (560) wifi:wifi certification version: v7.0
I (560) wifi:config NVS flash: enabled
I (560) wifi:config nano formating: disabled
I (570) wifi:Init data frame dynamic rx buffer num: 32
I (570) wifi:Init static rx mgmt buffer num: 5
I (580) wifi:Init management short buffer num: 32
I (580) wifi:Init dynamic tx buffer num: 32
I (590) wifi:Init static rx buffer size: 1600
I (590) wifi:Init static rx buffer num: 10
I (590) wifi:Init dynamic rx buffer num: 32
[0;32mI (600) wifi_init: rx ba win: 6[0m
[0;32mI (600) wifi_init: accept mbox: 6[0m
[0;32mI (610) wifi_init: tcpip mbox: 32[0m
[0;32mI (610) wifi_init: udp mbox: 6[0m
[0;32mI (610) wifi_init: tcp mbox: 6[0m
[0;32mI (620) wifi_init: tcp tx win: 5760[0m
[0;32mI (620) wifi_init: tcp rx win: 5760[0m
[0;32mI (630) wifi_init: tcp mss: 1440[0m
[0;32mI (630) wifi_init: WiFi IRAM OP enabled[0m
[0;32mI (630) wifi_init: WiFi RX IRAM OP enabled[0m
[0;32mI (640) phy_init: phy_version 4830,54550f7,Jun 20 2024,14:22:08[0m
I (720) wifi:mode : sta (34:86:5d:fc:2d:1c)
I (720) wifi:enable tsf
WiFi connecting WIFI_EVENT_STA_START ... 
-------Wifi connected Successfully!------------

==========Wifi Disconnected Successfully!---------

Something wrong in connecting to target!!
[0;32mI (5730) main_task: Returned from app_main()[0m
