[0;32mI (13) boot: ESP-IDF v5.3-dirty 2nd stage bootloader[0m
[0;32mI (13) boot: compile time Aug 23 2024 18:38:17[0m
[0;32mI (13) boot: Multicore bootloader[0m
[0;32mI (17) boot: chip revision: v3.0[0m
[0;32mI (21) boot.esp32: SPI Speed      : 40MHz[0m
[0;32mI (25) boot.esp32: SPI Mode       : DIO[0m
[0;32mI (30) boot.esp32: SPI Flash Size : 2MB[0m
[0;32mI (34) boot: Enabling RNG early entropy source...[0m
[0;32mI (40) boot: Partition Table:[0m
[0;32mI (43) boot: ## Label            Usage          Type ST Offset   Length[0m
[0;32mI (51) boot:  0 nvs              WiFi data        01 02 00009000 00006000[0m
[0;32mI (58) boot:  1 phy_init         RF data          01 01 0000f000 00001000[0m
[0;32mI (66) boot:  2 factory          factory app      00 00 00010000 00100000[0m
[0;32mI (73) boot: End of partition table[0m
[0;32mI (77) esp_image: segment 0: paddr=00010020 vaddr=3f400020 size=1f3cch (127948) map[0m
[0;32mI (130) esp_image: segment 1: paddr=0002f3f4 vaddr=3ffb0000 size=00c24h (  3108) load[0m
[0;32mI (131) esp_image: segment 2: paddr=00030020 vaddr=400d0020 size=83ab0h (539312) map[0m
[0;32mI (320) esp_image: segment 3: paddr=000b3ad8 vaddr=3ffb0c24 size=031f4h ( 12788) load[0m
[0;32mI (325) esp_image: segment 4: paddr=000b6cd4 vaddr=40080000 size=171f0h ( 94704) load[0m
[0;32mI (375) boot: Loaded app from partition at offset 0x10000[0m
[0;32mI (375) boot: Disabling RNG early entropy source...[0m
[0;32mI (387) cpu_start: Multicore app[0m
[0;32mI (395) cpu_start: Pro cpu start user code[0m
[0;32mI (395) cpu_start: cpu freq: 160000000 Hz[0m
[0;32mI (395) app_init: Application information:[0m
[0;32mI (398) app_init: Project name:     app-template[0m
[0;32mI (403) app_init: App version:      418fb4d[0m
[0;32mI (408) app_init: Compile time:     Aug 23 2024 18:38:13[0m
[0;32mI (414) app_init: ELF file SHA256:  316cbf6a0...[0m
[0;32mI (420) app_init: ESP-IDF:          v5.3-dirty[0m
[0;32mI (425) efuse_init: Min chip rev:     v0.0[0m
[0;32mI (429) efuse_init: Max chip rev:     v3.99 [0m
[0;32mI (434) efuse_init: Chip rev:         v3.0[0m
[0;32mI (439) heap_init: Initializing. RAM available for dynamic allocation:[0m
[0;32mI (447) heap_init: At 3FFAE6E0 len 00001920 (6 KiB): DRAM[0m
[0;32mI (453) heap_init: At 3FFB8040 len 00027FC0 (159 KiB): DRAM[0m
[0;32mI (459) heap_init: At 3FFE0440 len 00003AE0 (14 KiB): D/IRAM[0m
[0;32mI (465) heap_init: At 3FFE4350 len 0001BCB0 (111 KiB): D/IRAM[0m
[0;32mI (472) heap_init: At 400971F0 len 00008E10 (35 KiB): IRAM[0m
[0;32mI (479) spi_flash: detected chip: generic[0m
[0;32mI (482) spi_flash: flash io: dio[0m
[0;33mW (486) spi_flash: Detected size(4096k) larger than the size in the binary image header(2048k). Using the size in the binary image header.[0m
[0;32mI (500) main_task: Started on CPU0[0m
[0;32mI (510) main_task: Calling app_main()[0m
I (550) wifi:wifi driver task: 3ffc0090, prio:23, stack:6656, core=0
I (560) wifi:wifi firmware version: 0caa81945
I (560) wifi:wifi certification version: v7.0
I (560) wifi:config NVS flash: enabled
I (560) wifi:config nano formating: disabled
I (570) wifi:Init data frame dynamic rx buffer num: 32
I (570) wifi:Init static rx mgmt buffer num: 5
I (580) wifi:Init management short buffer num: 32
I (580) wifi:Init dynamic tx buffer num: 32
I (580) wifi:Init static rx buffer size: 1600
I (590) wifi:Init static rx buffer num: 10
I (590) wifi:Init dynamic rx buffer num: 32
[0;32mI (600) wifi_init: rx ba win: 6[0m
[0;32mI (600) wifi_init: accept mbox: 6[0m
[0;32mI (600) wifi_init: tcpip mbox: 32[0m
[0;32mI (610) wifi_init: udp mbox: 6[0m
[0;32mI (610) wifi_init: tcp mbox: 6[0m
[0;32mI (620) wifi_init: tcp tx win: 5760[0m
[0;32mI (620) wifi_init: tcp rx win: 5760[0m
[0;32mI (620) wifi_init: tcp mss: 1440[0m
[0;32mI (630) wifi_init: WiFi IRAM OP enabled[0m
[0;32mI (630) wifi_init: WiFi RX IRAM OP enabled[0m
[0;32mI (640) phy_init: phy_version 4830,54550f7,Jun 20 2024,14:22:08[0m
I (720) wifi:mode : sta (34:86:5d:fc:2d:1c)
I (720) wifi:enable tsf
WiFi connecting WIFI_EVENT_STA_START ... 
-------Wifi connected Successfully!------------

I (730) wifi:new:<3,0>, old:<1,0>, ap:<255,255>, sta:<3,0>, prof:1, snd_ch_cfg:0x0
I (730) wifi:state: init -> auth (0xb0)
I (770) wifi:state: auth -> assoc (0x0)
I (800) wifi:state: assoc -> run (0x10)
I (860) wifi:connected with AK, aid = 6, channel 3, BW20, bssid = 66:b3:4b:89:6c:63
I (860) wifi:security: WPA2-PSK, phy: bgn, rssi: -44
I (870) wifi:pm start, type: 1

I (870) wifi:dp: 1, bi: 102400, li: 3, scale listen interval from 307200 us to 307200 us
WiFi connected WIFI_EVENT_STA_CONNECTED ... 
I (890) wifi:<ba-add>idx:0 (ifx:0, 66:b3:4b:89:6c:63), tid:0, ssn:0, winSize:64
I (940) wifi:dp: 2, bi: 102400, li: 4, scale listen interval from 307200 us to 409600 us
I (940) wifi:AP's beacon interval = 102400 us, DTIM period = 2
[0;32mI (1880) esp_netif_handlers: sta ip: 192.168.108.92, mask: 255.255.255.0, gw: 192.168.108.173[0m
WiFi got IP ... 

--------Someone Connected!-------

***ERROR*** A stack overflow in task main has been detected.


Backtrace: 0x40081a42:0x3ffb93b0 0x400893ad:0x3ffb93d0 0x4008a2a6:0x3ffb93f0 0x4008b5df:0x3ffb9470 0x4008a3b0:0x3ffb9490 0x4008a362:0xa5a5a5a5 |<-CORRUPTED




ELF file SHA256: 316cbf6a0

Rebooting...
[0;32mI (13) boot: ESP-IDF v5.3-dirty 2nd stage bootloader[0m
[0;32mI (13) boot: compile time Aug 23 2024 18:38:17[0m
[0;32mI (13) boot: Multicore bootloader[0m
[0;32mI (17) boot: chip revision: v3.0[0m
[0;32mI (20) boot.esp32: SPI Speed      : 40MHz[0m
[0;32mI (25) boot.esp32: SPI Mode       : DIO[0m
[0;32mI (30) boot.esp32: SPI Flash Size : 2MB[0m
[0;32mI (34) boot: Enabling RNG early entropy source...[0m
[0;32mI (39) boot: Partition Table:[0m
[0;32mI (43) boot: ## Label            Usage          Type ST Offset   Length[0m
[0;32mI (50) boot:  0 nvs              WiFi data        01 02 00009000 00006000[0m
[0;32mI (58) boot:  1 phy_init         RF data          01 01 0000f000 00001000[0m
[0;32mI (65) boot:  2 factory          factory app      00 00 00010000 00100000[0m
[0;32mI (73) boot: End of partition table[0m
[0;32mI (77) esp_image: segment 0: paddr=00010020 vaddr=3f400020 size=1f3cch (127948) map[0m
[0;32mI (129) esp_image: segment 1: paddr=0002f3f4 vaddr=3ffb0000 size=00c24h (  3108) load[0m
[0;32mI (131) esp_image: segment 2: paddr=00030020 vaddr=400d0020 size=83ab0h (539312) map[0m
[0;32mI (320) esp_image: segment 3: paddr=000b3ad8 vaddr=3ffb0c24 size=031f4h ( 12788) load[0m
[0;32mI (325) esp_image: segment 4: paddr=000b6cd4 vaddr=40080000 size=171f0h ( 94704) load[0m
[0;32mI (374) boot: Loaded app from partition at offset 0x10000[0m
[0;32mI (374) boot: Disabling RNG early entropy source...[0m
[0;32mI (386) cpu_start: Multicore app[0m
[0;32mI (395) cpu_start: Pro cpu start user code[0m
[0;32mI (395) cpu_start: cpu freq: 160000000 Hz[0m
[0;32mI (395) app_init: Application information:[0m
[0;32mI (398) app_init: Project name:     app-template[0m
[0;32mI (403) app_init: App version:      418fb4d[0m
[0;32mI (408) app_init: Compile time:     Aug 23 2024 18:38:13[0m
[0;32mI (414) app_init: ELF file SHA256:  316cbf6a0...[0m
[0;32mI (419) app_init: ESP-IDF:          v5.3-dirty[0m
[0;32mI (424) efuse_init: Min chip rev:     v0.0[0m
[0;32mI (429) efuse_init: Max chip rev:     v3.99 [0m
[0;32mI (434) efuse_init: Chip rev:         v3.0[0m
[0;32mI (439) heap_init: Initializing. RAM available for dynamic allocation:[0m
[0;32mI (446) heap_init: At 3FFAE6E0 len 00001920 (6 KiB): DRAM[0m
[0;32mI (452) heap_init: At 3FFB8040 len 00027FC0 (159 KiB): DRAM[0m
[0;32mI (458) heap_init: At 3FFE0440 len 00003AE0 (14 KiB): D/IRAM[0m
[0;32mI (465) heap_init: At 3FFE4350 len 0001BCB0 (111 KiB): D/IRAM[0m
[0;32mI (471) heap_init: At 400971F0 len 00008E10 (35 KiB): IRAM[0m
[0;32mI (479) spi_flash: detected chip: generic[0m
[0;32mI (482) spi_flash: flash io: dio[0m
[0;33mW (486) spi_flash: Detected size(4096k) larger than the size in the binary image header(2048k). Using the size in the binary image header.[0m
[0;32mI (500) main_task: Started on CPU0[0m
[0;32mI (510) main_task: Calling app_main()[0m
I (550) wifi:wifi driver task: 3ffc0090, prio:23, stack:6656, core=0
I (560) wifi:wifi firmware version: 0caa81945
I (560) wifi:wifi certification version: v7.0
I (560) wifi:config NVS flash: enabled
I (560) wifi:config nano formating: disabled
I (570) wifi:Init data frame dynamic rx buffer num: 32
I (570) wifi:Init static rx mgmt buffer num: 5
I (580) wifi:Init management short buffer num: 32
I (580) wifi:Init dynamic tx buffer num: 32
I (580) wifi:Init static rx buffer size: 1600
I (590) wifi:Init static rx buffer num: 10
I (590) wifi:Init dynamic rx buffer num: 32
[0;32mI (600) wifi_init: rx ba win: 6[0m
[0;32mI (600) wifi_init: accept mbox: 6[0m
[0;32mI (600) wifi_init: tcpip mbox: 32[0m
[0;32mI (610) wifi_init: udp mbox: 6[0m
[0;32mI (610) wifi_init: tcp mbox: 6[0m
[0;32mI (620) wifi_init: tcp tx win: 5760[0m
[0;32mI (620) wifi_init: tcp rx win: 5760[0m
[0;32mI (620) wifi_init: tcp mss: 1440[0m
[0;32mI (630) wifi_init: WiFi IRAM OP enabled[0m
[0;32mI (630) wifi_init: WiFi RX IRAM OP enabled[0m
[0;32mI (640) phy_init: phy_version 4830,54550f7,Jun 20 2024,14:22:08[0m
I (720) wifi:mode : sta (34:86:5d:fc:2d:1c)
I (720) wifi:enable tsf
WiFi connecting WIFI_EVENT_STA_START ... 
-------Wifi connected Successfully!------------

I (730) wifi:new:<3,0>, old:<1,0>, ap:<255,255>, sta:<3,0>, prof:1, snd_ch_cfg:0x0
I (740) wifi:state: init -> auth (0xb0)
I (760) wifi:state: auth -> init (0x1c0)
I (760) wifi:new:<3,0>, old:<3,0>, ap:<255,255>, sta:<3,0>, prof:1, snd_ch_cfg:0x0
WiFi lost connection WIFI_EVENT_STA_DISCONNECTED ... 
