hï¿½Úšï¿½j%ï¿½(199) appï¿½[0;32mI (13) boot: ESP-IDF v5.3-dirty 2nd stage bootloader[0m
[0;32mI (13) boot: compile time Aug 23 2024 18:38:17[0m
[0;32mI (13) boot: Multicore bootloader[0m
[0;32mI (17) boot: chip revision: v3.0[0m
[0;32mI (21) boot.esp32: SPI Speed      : 40MHz[0m
[0;32mI (25) boot.esp32: SPI Mode       : DIO[0m
[0;32mI (30) boot.esp32: SPI Flash Size : 2MB[0m
[0;32mI (35) boot: Enabling RNG early entropy source...[0m
[0;32mI (40) boot: Partition Table:[0m
[0;32mI (43) boot: ## Label            Usage          Type ST Offset   Length[0m
[0;32mI (51) boot:  0 nvs              WiFi data        01 02 00009000 00006000[0m
[0;32mI (58) boot:  1 phy_init         RF data          01 01 0000f000 00001000[0m
[0;32mI (66) boot:  2 factory          factory app      00 00 00010000 00100000[0m
[0;32mI (73) boot: End of partition table[0m
[0;32mI (77) esp_image: segment 0: paddr=00010020 vaddr=3f400020 size=092f4h ( 37620) map[0m
[0;32mI (99) esp_image: segment 1: paddr=0001931c vaddr=3ffb0000 size=022fch (  8956) load[0m
[0;32mI (102) esp_image: segment 2: paddr=0001b620 vaddr=40080000 size=049f8h ( 18936) load[0m
[0;32mI (112) esp_image: segment 3: paddr=00020020 vaddr=400d0020 size=13570h ( 79216) map[0m
[0;32mI (140) esp_image: segment 4: paddr=00033598 vaddr=400849f8 size=08028h ( 32808) load[0m
[0;32mI (160) boot: Loaded app from partition at offset 0x10000[0m
[0;32mI (160) boot: Disabling RNG early entropy source...[0m
[0;32mI (172) cpu_start: Multicore app[0m
[0;32mI (180) cpu_start: Pro cpu start user code[0m
[0;32mI (180) cpu_start: cpu freq: 160000000 Hz[0m
[0;32mI (180) app_init: Application information:[0m
[0;32mI (183) app_init: Project name:     app-template[0m
[0;32mI (189) app_init: App version:      418fb4d[0m
[0;32mI (193) app_init: Compile time:     Aug 23 2024 18:38:13[0m
[0;32mI (199) app_init: ELF file SHA256:  c0d098a11...[0m
[0;32mI (205) app_init: ESP-IDF:          v5.3-dirty[0m
[0;32mI (210) efuse_init: Min chip rev:     v0.0[0m
[0;32mI (215) efuse_init: Max chip rev:     v3.99 [0m
[0;32mI (220) efuse_init: Chip rev:         v3.0[0m
[0;32mI (225) heap_init: Initializing. RAM available for dynamic allocation:[0m
[0;32mI (232) heap_init: At 3FFAE6E0 len 00001920 (6 KiB): DRAM[0m
[0;32mI (238) heap_init: At 3FFB2BC8 len 0002D438 (181 KiB): DRAM[0m
[0;32mI (244) heap_init: At 3FFE0440 len 00003AE0 (14 KiB): D/IRAM[0m
[0;32mI (250) heap_init: At 3FFE4350 len 0001BCB0 (111 KiB): D/IRAM[0m
[0;32mI (257) heap_init: At 4008CA20 len 000135E0 (77 KiB): IRAM[0m
[0;32mI (264) spi_flash: detected chip: generic[0m
[0;32mI (268) spi_flash: flash io: dio[0m
[0;33mW (271) spi_flash: Detected size(4096k) larger than the size in the binary image header(2048k). Using the size in the binary image header.[0m
[0;32mI (285) main_task: Started on CPU0[0m
[0;32mI (295) main_task: Calling app_main()[0m
[0] Hello world!
[1] Hello world!
